 
 
=========================================================================
*****  Please provide proper reference to                                
*****     S.M. Rump: INTLAB - INTerval LABoratory. In Tibor Csendes,     
*****       editor, Developments in Reliable Computing, pages 77-104.    
*****       Kluwer Academic Publishers, Dordrecht, 1999,                 
*****       http://www.ti3.tuhh.de/intlab .                              
*****                                                                    
*****  Commercial use or use in conjunction with a commercial program    
*****  which requires INTLAB or part of INTLAB to function properly      
*****  requires a special license. Please contact me  rump (at) tuhh.de  
 
 
  Refined mesh: 10 nodes, 8 tets, hmax~0.707107
  Refined mesh: 35 nodes, 64 tets, hmax~0.353553
[TF-ref2-P3] CG^3: DimCG=455 interior=165 (64 tets)
[TF-ref2-P3] Ritz upper bounds (double): 198.5584277775 351.3784798005 353.8357406692 
  Scalar RT3: DimRT=3520, DimDG=1280
  DegK=20, DegF=10, DegRTInner=30, DegRTElt=70
  Scalar RT done: A_rt 3520x3520 (nnz=304000), B_rt 1280x3520 (nnz=89600)
[TF-ref2-P3] Factoring shifted SP (4800)...
[TF-ref2-P3] Assembling rigorous A0,A1 (interval)...
[TF-ref2-P3] Assembling rigorous A2 (full form, tight via b=MFB\w1)...
[TF-ref2-P3] A2(k,k)*(lambda_k+lhat) [~1]: 1.002616 1.009290 1.013189 
[TF-ref2-P3] A2 max interval radius: 2.864e-13
[TF-ref2-P3] group [1] rho=345.436154: B_spd=1 margin=1.469e+02 
[TF-ref2-P3] group [2  3] rho=394.784176: B_spd=1 margin=4.095e+01 

Certified T_F P3 ref=2 rigorous LG bounds vs EXACT:
  k     lower bound        exact              upper bound        lb<exact ub>exact
  1   194.723239793176   197.392088021787   198.558427777527      1        1
  2   264.794131299928   345.436154038128   351.378479800498      1        1
  3   289.115772383997   345.436154038128   353.835740669255      1        1
  PASS: all certified bounds bracket the exact eigenvalues.
