
===== T_F  p=2  level=2 =====
[CG^2] 64 tets, DimCG=165, interior=35  (0.1s)
[CG^2] Ritz upper bounds: 209.3667080088 372.4968338014 433.8690500095 
[RT^2] DimRT=1728, DimDG=640, constraint residual 2.66e-16  (4.9s)
[LG] interval matrices assembled, max rad(A2) = 3.59e-16  (10.7s)
[LG] group [1] rho=345.436154: B_spd=true, margin=1.361e+02
[LG] group [2, 3] rho=394.784176: B_spd=true, margin=-3.908e+01
[LG] done in 25.1s
Lehmann–Goerisch bounds T_F level 2 — CG^2+RT^2, 64 tets, λ̂=200.0, interval mode
  DimCG=165 interior=35 DimRT=1728 DimDG=640
  k       lower bound            upper bound            exact              lb<exact<ub     lb-paper      ub-paper
  1      171.349851178268      209.366708008791      197.392088021787  yes  +1.036e-08  -4.746e-12
  2     -881.761166670866      372.496833801414      345.436154038128  yes  +4.718e-06  -5.969e-12
  3       65.218698982510      433.869050009543      345.436154038128  yes  +4.885e-07  -5.457e-12
  group [1]       rho=345.4361540381  B positive definite: true  margin(Lemma 4.5)=1.361e+02
  group [2, 3]    rho=394.7841760436  B positive definite: true  margin(Lemma 4.5)=-3.908e+01
  all interval flags guaranteed: false


===== T_F  p=2  level=3 =====
[CG^2] 512 tets, DimCG=969, interior=455  (0.1s)
[CG^2] Ritz upper bounds: 198.7573723210 350.1231219256 355.7755647194 
[RT^2] DimRT=13056, DimDG=5120, constraint residual 4.14e-16  (1.1s)
[LG] interval matrices assembled, max rad(A2) = 5.82e-16  (5.0s)
[LG] group [1] rho=345.436154: B_spd=true, margin=1.467e+02
[LG] group [2, 3] rho=394.784176: B_spd=true, margin=3.901e+01
[LG] done in 5.0s
Lehmann–Goerisch bounds T_F level 3 — CG^2+RT^2, 512 tets, λ̂=200.0, interval mode
  DimCG=969 interior=455 DimRT=13056 DimDG=5120
  k       lower bound            upper bound            exact              lb<exact<ub     lb-paper      ub-paper
  1      193.964528919369      198.757372321001      197.392088021787  yes  +1.026e-08  -2.851e-11
  2      238.851020957845      350.123121925645      345.436154038128  yes  +4.570e-07  -3.166e-11
  3      297.073951550208      355.775564719433      345.436154038128  yes  +3.243e-07  -3.217e-11
  group [1]       rho=345.4361540381  B positive definite: true  margin(Lemma 4.5)=1.467e+02
  group [2, 3]    rho=394.7841760436  B positive definite: true  margin(Lemma 4.5)=3.901e+01
  all interval flags guaranteed: false


===== T_F  p=3  level=2 =====
[CG^3] 64 tets, DimCG=455, interior=165  (0.1s)
[CG^3] Ritz upper bounds: 198.5584277775 351.3784798005 353.8357406692 
[RT^3] DimRT=3520, DimDG=1280, constraint residual 3.86e-16  (0.5s)
[LG] interval matrices assembled, max rad(A2) = 2.63e-15  (0.8s)
[LG] group [1] rho=345.436154: B_spd=true, margin=1.469e+02
[LG] group [2, 3] rho=394.784176: B_spd=true, margin=4.095e+01
[LG] done in 0.8s
Lehmann–Goerisch bounds T_F level 2 — CG^3+RT^3, 64 tets, λ̂=200.0, interval mode
  DimCG=455 interior=165 DimRT=3520 DimDG=1280
  k       lower bound            upper bound            exact              lb<exact<ub     lb-paper      ub-paper
  1      194.723239849738      198.558427777527      197.392088021787  yes  +5.656e-08  -1.705e-13
  2      264.794134901459      351.378479800497      345.436154038128  yes  +3.602e-06  -1.137e-12
  3      289.115775464786      353.835740669255      345.436154038128  yes  +3.081e-06  -4.547e-13
  group [1]       rho=345.4361540381  B positive definite: true  margin(Lemma 4.5)=1.469e+02
  group [2, 3]    rho=394.7841760436  B positive definite: true  margin(Lemma 4.5)=4.095e+01
  all interval flags guaranteed: false


===== T_F  p=3  level=3 =====
[CG^3] 512 tets, DimCG=2925, interior=1771  (0.9s)
[CG^3] Ritz upper bounds: 197.4175913156 345.5866754948 345.7388492785 
[RT^3] DimRT=26880, DimDG=10240, constraint residual 6.01e-16  (2.8s)
[LG] interval matrices assembled, max rad(A2) = 4.31e-15  (16.0s)
[LG] group [1] rho=345.436154: B_spd=true, margin=1.480e+02
[LG] group [2, 3] rho=394.784176: B_spd=true, margin=4.905e+01
[LG] done in 16.0s
Lehmann–Goerisch bounds T_F level 3 — CG^3+RT^3, 512 tets, λ̂=200.0, interval mode
  DimCG=2925 interior=1771 DimRT=26880 DimDG=10240
  k       lower bound            upper bound            exact              lb<exact<ub     lb-paper      ub-paper
  1      197.326517786632      197.417591315659      197.392088021787  yes  +9.801e-08  -9.067e-12
  2      342.227093344655      345.586675529420      345.436154038128  yes  +2.466e-06  +3.455e-08
  3      343.846090871967      345.738849278537      345.436154038128  yes  +2.393e-06  -1.052e-11
  group [1]       rho=345.4361540381  B positive definite: true  margin(Lemma 4.5)=1.480e+02
  group [2, 3]    rho=394.7841760436  B positive definite: true  margin(Lemma 4.5)=4.905e+01
  all interval flags guaranteed: false


===== T_F  p=6  level=0 =====
[CG^6] 1 tets, DimCG=84, interior=10  (0.0s)
[CG^6] Ritz upper bounds: 198.5857561975 413.5608988787 413.5608988787 
[RT^6] DimRT=280, DimDG=84, constraint residual 4.85e-16  (0.3s)
[LG] interval matrices assembled, max rad(A2) = 1.55e-12  (0.3s)
[LG] group [1] rho=345.436154: B_spd=true, margin=1.469e+02
[LG] group [2, 3] rho=394.784176: B_spd=true, margin=-1.878e+01
[LG] done in 0.3s
Lehmann–Goerisch bounds T_F level 0 — CG^6+RT^6, 1 tets, λ̂=200.0, interval mode
  DimCG=84 interior=10 DimRT=280 DimDG=84
  k       lower bound            upper bound            exact              lb<exact<ub     lb-paper      ub-paper
  1      195.256111866909      198.585756217435      197.392088021787  yes  +1.030e-03  +7.446e-12
  2     -762.451740242211      413.560898878758      345.436154038128  yes  +2.896e-01  +9.720e-12
  3     -762.451740070139      413.560898878758      345.436154038128  yes  +2.896e-01  +9.720e-12
  group [1]       rho=345.4361540381  B positive definite: true  margin(Lemma 4.5)=1.469e+02
  group [2, 3]    rho=394.7841760436  B positive definite: true  margin(Lemma 4.5)=-1.878e+01
  all interval flags guaranteed: false


===== T_F  p=6  level=1 =====
[CG^6] 8 tets, DimCG=455, interior=165  (0.0s)
[CG^6] Ritz upper bounds: 197.4315613373 345.9752743005 349.8247381852 
[RT^6] DimRT=2016, DimDG=672, constraint residual 6.82e-16  (0.6s)
[LG] interval matrices assembled, max rad(A2) = 6.41e-13  (1.3s)
[LG] group [1] rho=345.436154: B_spd=true, margin=1.480e+02
[LG] group [2, 3] rho=394.784176: B_spd=true, margin=4.496e+01
[LG] done in 1.3s
Lehmann–Goerisch bounds T_F level 1 — CG^6+RT^6, 8 tets, λ̂=200.0, interval mode
  DimCG=455 interior=165 DimRT=2016 DimDG=672
  k       lower bound            upper bound            exact              lb<exact<ub     lb-paper      ub-paper
  1      197.310147864674      197.431561337333      197.392088021787  yes  +1.744e-04  +1.333e-11
  2      310.534155396220      345.975274300611      345.436154038128  yes  +3.482e-02  +1.535e-11
  3      340.728082206631      349.824738185288      345.436154038128  yes  +2.366e-02  +1.495e-11
  group [1]       rho=345.4361540381  B positive definite: true  margin(Lemma 4.5)=1.480e+02
  group [2, 3]    rho=394.7841760436  B positive definite: true  margin(Lemma 4.5)=4.496e+01
  all interval flags guaranteed: false


===== T_F  p=6  level=2 =====
[CG^6] 64 tets, DimCG=2925, interior=1771  (0.7s)
[CG^6] Ritz upper bounds: 197.3921183042 345.4372904978 345.4412552658 
[RT^6] DimRT=15232, DimDG=5376, constraint residual 1.05e-15  (3.8s)
[LG] interval matrices assembled, max rad(A2) = 6.37e-13  (10.5s)
[LG] group [1] rho=345.436154: B_spd=true, margin=1.480e+02
[LG] group [2, 3] rho=394.784176: B_spd=true, margin=4.934e+01
[LG] done in 10.5s
Lehmann–Goerisch bounds T_F level 2 — CG^6+RT^6, 64 tets, λ̂=200.0, interval mode
  DimCG=2925 interior=1771 DimRT=15232 DimDG=5376
  k       lower bound            upper bound            exact              lb<exact<ub     lb-paper      ub-paper
  1      197.392011068033      197.392118304231      197.392088021787  yes  +4.026e-05  +1.623e-11
  2      345.383737838425      345.437290532458      345.436154038128  yes  +8.321e-04  +3.456e-08
  3      345.424383366514      345.441255265833      345.436154038128  yes  +8.314e-04  +1.580e-11
  group [1]       rho=345.4361540381  B positive definite: true  margin(Lemma 4.5)=1.480e+02
  group [2, 3]    rho=394.7841760436  B positive definite: true  margin(Lemma 4.5)=4.934e+01
  all interval flags guaranteed: false

results written to /home/xfliu/Workspace/Paper_Plum_LG/github/scripts/../results/special_tetrahedron_interval_20260925.txt
